------------------------------------------------------------
Timing Analyzer Summary
------------------------------------------------------------

Type  : Slow 1100mV 85C Model Setup 'clock'
Slack : -17.080
TNS   : -26829.322

Type  : Slow 1100mV 85C Model Setup 'datapath:dpath|simp_reg_sync_reset:PC|out[2]'
Slack : -7.248
TNS   : -19.550

Type  : Slow 1100mV 85C Model Hold 'clock'
Slack : 0.507
TNS   : 0.000

Type  : Slow 1100mV 85C Model Hold 'datapath:dpath|simp_reg_sync_reset:PC|out[2]'
Slack : 1.619
TNS   : 0.000

Type  : Slow 1100mV 85C Model Minimum Pulse Width 'clock'
Slack : -0.724
TNS   : -2068.944

Type  : Slow 1100mV 85C Model Minimum Pulse Width 'datapath:dpath|simp_reg_sync_reset:PC|out[2]'
Slack : 0.176
TNS   : 0.000

Type  : Slow 1100mV 0C Model Setup 'clock'
Slack : -17.097
TNS   : -26577.662

Type  : Slow 1100mV 0C Model Setup 'datapath:dpath|simp_reg_sync_reset:PC|out[2]'
Slack : -7.292
TNS   : -19.744

Type  : Slow 1100mV 0C Model Hold 'clock'
Slack : 0.230
TNS   : 0.000

Type  : Slow 1100mV 0C Model Hold 'datapath:dpath|simp_reg_sync_reset:PC|out[2]'
Slack : 1.560
TNS   : 0.000

Type  : Slow 1100mV 0C Model Minimum Pulse Width 'clock'
Slack : -0.724
TNS   : -2066.847

Type  : Slow 1100mV 0C Model Minimum Pulse Width 'datapath:dpath|simp_reg_sync_reset:PC|out[2]'
Slack : 0.167
TNS   : 0.000

Type  : Fast 1100mV 85C Model Setup 'clock'
Slack : -7.547
TNS   : -11149.580

Type  : Fast 1100mV 85C Model Setup 'datapath:dpath|simp_reg_sync_reset:PC|out[2]'
Slack : -2.795
TNS   : -7.238

Type  : Fast 1100mV 85C Model Hold 'clock'
Slack : 0.183
TNS   : 0.000

Type  : Fast 1100mV 85C Model Hold 'datapath:dpath|simp_reg_sync_reset:PC|out[2]'
Slack : 0.948
TNS   : 0.000

Type  : Fast 1100mV 85C Model Minimum Pulse Width 'clock'
Slack : -0.091
TNS   : -155.898

Type  : Fast 1100mV 85C Model Minimum Pulse Width 'datapath:dpath|simp_reg_sync_reset:PC|out[2]'
Slack : 0.170
TNS   : 0.000

Type  : Fast 1100mV 0C Model Setup 'clock'
Slack : -6.656
TNS   : -9818.450

Type  : Fast 1100mV 0C Model Setup 'datapath:dpath|simp_reg_sync_reset:PC|out[2]'
Slack : -2.556
TNS   : -6.735

Type  : Fast 1100mV 0C Model Hold 'clock'
Slack : 0.176
TNS   : 0.000

Type  : Fast 1100mV 0C Model Hold 'datapath:dpath|simp_reg_sync_reset:PC|out[2]'
Slack : 0.846
TNS   : 0.000

Type  : Fast 1100mV 0C Model Minimum Pulse Width 'clock'
Slack : -0.091
TNS   : -157.046

Type  : Fast 1100mV 0C Model Minimum Pulse Width 'datapath:dpath|simp_reg_sync_reset:PC|out[2]'
Slack : 0.238
TNS   : 0.000

------------------------------------------------------------
